<?xml version="1.0" encoding="ISO-8859-1" ?>
<link_info>
   <banner>TI ARM Linker PC v20.2.7.LTS</banner>
   <copyright>Copyright (c) 1996-2018 Texas Instruments Incorporated</copyright>
   <link_time>0x681c074a</link_time>
   <link_errors>0x0</link_errors>
   <output_file>Gitwork.out</output_file>
   <entry_point>
      <name>_c_int00_noargs</name>
      <address>0x6925</address>
   </entry_point>
   <input_file_list>
      <input_file id="fl-2">
         <path>.\</path>
         <kind>object</kind>
         <file>Timer.obj</file>
         <name>Timer.obj</name>
      </input_file>
      <input_file id="fl-3">
         <path>.\</path>
         <kind>object</kind>
         <file>YesInterruptMove.obj</file>
         <name>YesInterruptMove.obj</name>
      </input_file>
      <input_file id="fl-4">
         <path>.\</path>
         <kind>object</kind>
         <file>adc.obj</file>
         <name>adc.obj</name>
      </input_file>
      <input_file id="fl-5">
         <path>.\</path>
         <kind>object</kind>
         <file>lcd.obj</file>
         <name>lcd.obj</name>
      </input_file>
      <input_file id="fl-6">
         <path>.\</path>
         <kind>object</kind>
         <file>new_uart_interrupt.obj</file>
         <name>new_uart_interrupt.obj</name>
      </input_file>
      <input_file id="fl-7">
         <path>.\</path>
         <kind>object</kind>
         <file>open_interface.obj</file>
         <name>open_interface.obj</name>
      </input_file>
      <input_file id="fl-8">
         <path>.\</path>
         <kind>object</kind>
         <file>scan.obj</file>
         <name>scan.obj</name>
      </input_file>
      <input_file id="fl-9">
         <path>.\</path>
         <kind>object</kind>
         <file>tm4c123gh6pm_startup_ccs.obj</file>
         <name>tm4c123gh6pm_startup_ccs.obj</name>
      </input_file>
      <input_file id="fl-10">
         <kind>object</kind>
         <file>&lt;internal&gt;</file>
         <name>&lt;internal&gt;</name>
      </input_file>
      <input_file id="fl-c6">
         <path>C:\ti\ccs1271\ccs\tools\compiler\ti-cgt-arm_20.2.7.LTS\lib\</path>
         <kind>archive</kind>
         <file>rtsv7M4_T_le_v4SPD16_eabi.lib</file>
         <name>e_powf.c.obj</name>
      </input_file>
      <input_file id="fl-c7">
         <path>C:\ti\ccs1271\ccs\tools\compiler\ti-cgt-arm_20.2.7.LTS\lib\</path>
         <kind>archive</kind>
         <file>rtsv7M4_T_le_v4SPD16_eabi.lib</file>
         <name>e_sqrtf.c.obj</name>
      </input_file>
      <input_file id="fl-c8">
         <path>C:\ti\ccs1271\ccs\tools\compiler\ti-cgt-arm_20.2.7.LTS\lib\</path>
         <kind>archive</kind>
         <file>rtsv7M4_T_le_v4SPD16_eabi.lib</file>
         <name>s_scalbnf.c.obj</name>
      </input_file>
      <input_file id="fl-c9">
         <path>C:\ti\ccs1271\ccs\tools\compiler\ti-cgt-arm_20.2.7.LTS\lib\</path>
         <kind>archive</kind>
         <file>rtsv7M4_T_le_v4SPD16_eabi.lib</file>
         <name>s_tan.c.obj</name>
      </input_file>
      <input_file id="fl-ca">
         <path>C:\ti\ccs1271\ccs\tools\compiler\ti-cgt-arm_20.2.7.LTS\lib\</path>
         <kind>archive</kind>
         <file>rtsv7M4_T_le_v4SPD16_eabi.lib</file>
         <name>sprintf.c.obj</name>
      </input_file>
      <input_file id="fl-cb">
         <path>C:\ti\ccs1271\ccs\tools\compiler\ti-cgt-arm_20.2.7.LTS\lib\</path>
         <kind>archive</kind>
         <file>rtsv7M4_T_le_v4SPD16_eabi.lib</file>
         <name>vsnprintf.c.obj</name>
      </input_file>
      <input_file id="fl-cc">
         <path>C:\ti\ccs1271\ccs\tools\compiler\ti-cgt-arm_20.2.7.LTS\lib\</path>
         <kind>archive</kind>
         <file>rtsv7M4_T_le_v4SPD16_eabi.lib</file>
         <name>s_copysignf.c.obj</name>
      </input_file>
      <input_file id="fl-cd">
         <path>C:\ti\ccs1271\ccs\tools\compiler\ti-cgt-arm_20.2.7.LTS\lib\</path>
         <kind>archive</kind>
         <file>rtsv7M4_T_le_v4SPD16_eabi.lib</file>
         <name>fd_add_t2.asm.obj</name>
      </input_file>
      <input_file id="fl-ce">
         <path>C:\ti\ccs1271\ccs\tools\compiler\ti-cgt-arm_20.2.7.LTS\lib\</path>
         <kind>archive</kind>
         <file>rtsv7M4_T_le_v4SPD16_eabi.lib</file>
         <name>fd_cmp_t2.asm.obj</name>
      </input_file>
      <input_file id="fl-cf">
         <path>C:\ti\ccs1271\ccs\tools\compiler\ti-cgt-arm_20.2.7.LTS\lib\</path>
         <kind>archive</kind>
         <file>rtsv7M4_T_le_v4SPD16_eabi.lib</file>
         <name>fd_div_t2.asm.obj</name>
      </input_file>
      <input_file id="fl-d0">
         <path>C:\ti\ccs1271\ccs\tools\compiler\ti-cgt-arm_20.2.7.LTS\lib\</path>
         <kind>archive</kind>
         <file>rtsv7M4_T_le_v4SPD16_eabi.lib</file>
         <name>fd_mul_t2.asm.obj</name>
      </input_file>
      <input_file id="fl-d1">
         <path>C:\ti\ccs1271\ccs\tools\compiler\ti-cgt-arm_20.2.7.LTS\lib\</path>
         <kind>archive</kind>
         <file>rtsv7M4_T_le_v4SPD16_eabi.lib</file>
         <name>fd_toi_t2.asm.obj</name>
      </input_file>
      <input_file id="fl-d2">
         <path>C:\ti\ccs1271\ccs\tools\compiler\ti-cgt-arm_20.2.7.LTS\lib\</path>
         <kind>archive</kind>
         <file>rtsv7M4_T_le_v4SPD16_eabi.lib</file>
         <name>fd_tos_t2.asm.obj</name>
      </input_file>
      <input_file id="fl-d3">
         <path>C:\ti\ccs1271\ccs\tools\compiler\ti-cgt-arm_20.2.7.LTS\lib\</path>
         <kind>archive</kind>
         <file>rtsv7M4_T_le_v4SPD16_eabi.lib</file>
         <name>fs_tod_t2.asm.obj</name>
      </input_file>
      <input_file id="fl-d4">
         <path>C:\ti\ccs1271\ccs\tools\compiler\ti-cgt-arm_20.2.7.LTS\lib\</path>
         <kind>archive</kind>
         <file>rtsv7M4_T_le_v4SPD16_eabi.lib</file>
         <name>i_tofd_t2.asm.obj</name>
      </input_file>
      <input_file id="fl-d5">
         <path>C:\ti\ccs1271\ccs\tools\compiler\ti-cgt-arm_20.2.7.LTS\lib\</path>
         <kind>archive</kind>
         <file>rtsv7M4_T_le_v4SPD16_eabi.lib</file>
         <name>memcpy_t2.asm.obj</name>
      </input_file>
      <input_file id="fl-d6">
         <path>C:\ti\ccs1271\ccs\tools\compiler\ti-cgt-arm_20.2.7.LTS\lib\</path>
         <kind>archive</kind>
         <file>rtsv7M4_T_le_v4SPD16_eabi.lib</file>
         <name>copy_zero_init.c.obj</name>
      </input_file>
      <input_file id="fl-d7">
         <path>C:\ti\ccs1271\ccs\tools\compiler\ti-cgt-arm_20.2.7.LTS\lib\</path>
         <kind>archive</kind>
         <file>rtsv7M4_T_le_v4SPD16_eabi.lib</file>
         <name>copy_decompress_none.c.obj</name>
      </input_file>
      <input_file id="fl-d8">
         <path>C:\ti\ccs1271\ccs\tools\compiler\ti-cgt-arm_20.2.7.LTS\lib\</path>
         <kind>archive</kind>
         <file>rtsv7M4_T_le_v4SPD16_eabi.lib</file>
         <name>copy_decompress_lzss.c.obj</name>
      </input_file>
      <input_file id="fl-d9">
         <path>C:\ti\ccs1271\ccs\tools\compiler\ti-cgt-arm_20.2.7.LTS\lib\</path>
         <kind>archive</kind>
         <file>rtsv7M4_T_le_v4SPD16_eabi.lib</file>
         <name>memory.c.obj</name>
      </input_file>
      <input_file id="fl-da">
         <path>C:\ti\ccs1271\ccs\tools\compiler\ti-cgt-arm_20.2.7.LTS\lib\</path>
         <kind>archive</kind>
         <file>rtsv7M4_T_le_v4SPD16_eabi.lib</file>
         <name>strcmp.c.obj</name>
      </input_file>
      <input_file id="fl-db">
         <path>C:\ti\ccs1271\ccs\tools\compiler\ti-cgt-arm_20.2.7.LTS\lib\</path>
         <kind>archive</kind>
         <file>rtsv7M4_T_le_v4SPD16_eabi.lib</file>
         <name>strcpy.c.obj</name>
      </input_file>
      <input_file id="fl-dc">
         <path>C:\ti\ccs1271\ccs\tools\compiler\ti-cgt-arm_20.2.7.LTS\lib\</path>
         <kind>archive</kind>
         <file>rtsv7M4_T_le_v4SPD16_eabi.lib</file>
         <name>k_rem_pio2.c.obj</name>
      </input_file>
      <input_file id="fl-dd">
         <path>C:\ti\ccs1271\ccs\tools\compiler\ti-cgt-arm_20.2.7.LTS\lib\</path>
         <kind>archive</kind>
         <file>rtsv7M4_T_le_v4SPD16_eabi.lib</file>
         <name>boot_cortex_m.c.obj</name>
      </input_file>
      <input_file id="fl-de">
         <path>C:\ti\ccs1271\ccs\tools\compiler\ti-cgt-arm_20.2.7.LTS\lib\</path>
         <kind>archive</kind>
         <file>rtsv7M4_T_le_v4SPD16_eabi.lib</file>
         <name>errno.c.obj</name>
      </input_file>
      <input_file id="fl-df">
         <path>C:\ti\ccs1271\ccs\tools\compiler\ti-cgt-arm_20.2.7.LTS\lib\</path>
         <kind>archive</kind>
         <file>rtsv7M4_T_le_v4SPD16_eabi.lib</file>
         <name>k_tan.c.obj</name>
      </input_file>
      <input_file id="fl-e0">
         <path>C:\ti\ccs1271\ccs\tools\compiler\ti-cgt-arm_20.2.7.LTS\lib\</path>
         <kind>archive</kind>
         <file>rtsv7M4_T_le_v4SPD16_eabi.lib</file>
         <name>s_floor.c.obj</name>
      </input_file>
      <input_file id="fl-e1">
         <path>C:\ti\ccs1271\ccs\tools\compiler\ti-cgt-arm_20.2.7.LTS\lib\</path>
         <kind>archive</kind>
         <file>rtsv7M4_T_le_v4SPD16_eabi.lib</file>
         <name>s_scalbn.c.obj</name>
      </input_file>
      <input_file id="fl-e2">
         <path>C:\ti\ccs1271\ccs\tools\compiler\ti-cgt-arm_20.2.7.LTS\lib\</path>
         <kind>archive</kind>
         <file>rtsv7M4_T_le_v4SPD16_eabi.lib</file>
         <name>_printfi.c.obj</name>
      </input_file>
      <input_file id="fl-e3">
         <path>C:\ti\ccs1271\ccs\tools\compiler\ti-cgt-arm_20.2.7.LTS\lib\</path>
         <kind>archive</kind>
         <file>rtsv7M4_T_le_v4SPD16_eabi.lib</file>
         <name>memset_t2.asm.obj</name>
      </input_file>
      <input_file id="fl-e4">
         <path>C:\ti\ccs1271\ccs\tools\compiler\ti-cgt-arm_20.2.7.LTS\lib\</path>
         <kind>archive</kind>
         <file>rtsv7M4_T_le_v4SPD16_eabi.lib</file>
         <name>ull_div_t2.asm.obj</name>
      </input_file>
      <input_file id="fl-e5">
         <path>C:\ti\ccs1271\ccs\tools\compiler\ti-cgt-arm_20.2.7.LTS\lib\</path>
         <kind>archive</kind>
         <file>rtsv7M4_T_le_v4SPD16_eabi.lib</file>
         <name>autoinit.c.obj</name>
      </input_file>
      <input_file id="fl-e6">
         <path>C:\ti\ccs1271\ccs\tools\compiler\ti-cgt-arm_20.2.7.LTS\lib\</path>
         <kind>archive</kind>
         <file>rtsv7M4_T_le_v4SPD16_eabi.lib</file>
         <name>pre_init.c.obj</name>
      </input_file>
      <input_file id="fl-e7">
         <path>C:\ti\ccs1271\ccs\tools\compiler\ti-cgt-arm_20.2.7.LTS\lib\</path>
         <kind>archive</kind>
         <file>rtsv7M4_T_le_v4SPD16_eabi.lib</file>
         <name>cpy_tbl.c.obj</name>
      </input_file>
      <input_file id="fl-e8">
         <path>C:\ti\ccs1271\ccs\tools\compiler\ti-cgt-arm_20.2.7.LTS\lib\</path>
         <kind>archive</kind>
         <file>rtsv7M4_T_le_v4SPD16_eabi.lib</file>
         <name>exit.c.obj</name>
      </input_file>
      <input_file id="fl-e9">
         <path>C:\ti\ccs1271\ccs\tools\compiler\ti-cgt-arm_20.2.7.LTS\lib\</path>
         <kind>archive</kind>
         <file>rtsv7M4_T_le_v4SPD16_eabi.lib</file>
         <name>_lock.c.obj</name>
      </input_file>
      <input_file id="fl-ea">
         <path>C:\ti\ccs1271\ccs\tools\compiler\ti-cgt-arm_20.2.7.LTS\lib\</path>
         <kind>archive</kind>
         <file>rtsv7M4_T_le_v4SPD16_eabi.lib</file>
         <name>_ltoa.c.obj</name>
      </input_file>
      <input_file id="fl-eb">
         <path>C:\ti\ccs1271\ccs\tools\compiler\ti-cgt-arm_20.2.7.LTS\lib\</path>
         <kind>archive</kind>
         <file>rtsv7M4_T_le_v4SPD16_eabi.lib</file>
         <name>args_main.c.obj</name>
      </input_file>
      <input_file id="fl-ec">
         <path>C:\ti\ccs1271\ccs\tools\compiler\ti-cgt-arm_20.2.7.LTS\lib\</path>
         <kind>archive</kind>
         <file>rtsv7M4_T_le_v4SPD16_eabi.lib</file>
         <name>atoi.c.obj</name>
      </input_file>
      <input_file id="fl-ed">
         <path>C:\ti\ccs1271\ccs\tools\compiler\ti-cgt-arm_20.2.7.LTS\lib\</path>
         <kind>archive</kind>
         <file>rtsv7M4_T_le_v4SPD16_eabi.lib</file>
         <name>ctype.c.obj</name>
      </input_file>
      <input_file id="fl-ee">
         <path>C:\ti\ccs1271\ccs\tools\compiler\ti-cgt-arm_20.2.7.LTS\lib\</path>
         <kind>archive</kind>
         <file>rtsv7M4_T_le_v4SPD16_eabi.lib</file>
         <name>memccpy.c.obj</name>
      </input_file>
      <input_file id="fl-ef">
         <path>C:\ti\ccs1271\ccs\tools\compiler\ti-cgt-arm_20.2.7.LTS\lib\</path>
         <kind>archive</kind>
         <file>rtsv7M4_T_le_v4SPD16_eabi.lib</file>
         <name>strchr.c.obj</name>
      </input_file>
      <input_file id="fl-f0">
         <path>C:\ti\ccs1271\ccs\tools\compiler\ti-cgt-arm_20.2.7.LTS\lib\</path>
         <kind>archive</kind>
         <file>rtsv7M4_T_le_v4SPD16_eabi.lib</file>
         <name>strlen.c.obj</name>
      </input_file>
      <input_file id="fl-f1">
         <path>C:\ti\ccs1271\ccs\tools\compiler\ti-cgt-arm_20.2.7.LTS\lib\</path>
         <kind>archive</kind>
         <file>rtsv7M4_T_le_v4SPD16_eabi.lib</file>
         <name>wcslen.c.obj</name>
      </input_file>
      <input_file id="fl-f2">
         <path>C:\ti\ccs1271\ccs\tools\compiler\ti-cgt-arm_20.2.7.LTS\lib\</path>
         <kind>archive</kind>
         <file>rtsv7M4_T_le_v4SPD16_eabi.lib</file>
         <name>s_copysign.c.obj</name>
      </input_file>
      <input_file id="fl-f3">
         <path>C:\ti\ccs1271\ccs\tools\compiler\ti-cgt-arm_20.2.7.LTS\lib\</path>
         <kind>archive</kind>
         <file>rtsv7M4_T_le_v4SPD16_eabi.lib</file>
         <name>s_frexp.c.obj</name>
      </input_file>
      <input_file id="fl-f4">
         <path>C:\ti\ccs1271\ccs\tools\compiler\ti-cgt-arm_20.2.7.LTS\lib\</path>
         <kind>archive</kind>
         <file>rtsv7M4_T_le_v4SPD16_eabi.lib</file>
         <name>div0.asm.obj</name>
      </input_file>
      <input_file id="fl-f5">
         <path>U:\CPRE288Workspace\Lab3\</path>
         <kind>archive</kind>
         <file>libcybotScan.lib</file>
         <name>cyBot_Scan.obj</name>
      </input_file>
      <input_file id="fl-f6">
         <path>U:\CPRE288Workspace\Lab3\</path>
         <kind>archive</kind>
         <file>libcybotScan.lib</file>
         <name>ir.obj</name>
      </input_file>
      <input_file id="fl-f7">
         <path>U:\CPRE288Workspace\Lab3\</path>
         <kind>archive</kind>
         <file>libcybotScan.lib</file>
         <name>ping.obj</name>
      </input_file>
      <input_file id="fl-f8">
         <path>U:\CPRE288Workspace\Lab3\</path>
         <kind>archive</kind>
         <file>libcybotScan.lib</file>
         <name>servo.obj</name>
      </input_file>
      <input_file id="fl-f9">
         <path>C:\ti\TivaWare_C_Series-2.2.0.295\driverlib\ccs\Debug\</path>
         <kind>archive</kind>
         <file>driverlib.lib</file>
         <name>interrupt.obj</name>
      </input_file>
      <input_file id="fl-fa">
         <path>C:\ti\TivaWare_C_Series-2.2.0.295\driverlib\ccs\Debug\</path>
         <kind>archive</kind>
         <file>driverlib.lib</file>
         <name>cpu.obj</name>
      </input_file>
   </input_file_list>
   <object_component_list>
      <object_component id="oc-12">
         <name>.intvecs</name>
         <load_address>0x0</load_address>
         <run_address>0x0</run_address>
         <size>0x26c</size>
         <input_file_ref idref="fl-9"/>
      </object_component>
      <object_component id="oc-d7">
         <name>.text</name>
         <load_address>0x26c</load_address>
         <run_address>0x26c</run_address>
         <size>0xc20</size>
         <input_file_ref idref="fl-7"/>
      </object_component>
      <object_component id="oc-f5">
         <name>.text</name>
         <load_address>0xe8c</load_address>
         <run_address>0xe8c</run_address>
         <size>0xb80</size>
         <input_file_ref idref="fl-8"/>
      </object_component>
      <object_component id="oc-202">
         <name>.text:__TI_printfi</name>
         <load_address>0x1a0c</load_address>
         <run_address>0x1a0c</run_address>
         <size>0xa4e</size>
         <input_file_ref idref="fl-e2"/>
      </object_component>
      <object_component id="oc-33d">
         <name>.text:_nop</name>
         <load_address>0x245a</load_address>
         <run_address>0x245a</run_address>
         <size>0x2</size>
         <input_file_ref idref="fl-e9"/>
      </object_component>
      <object_component id="oc-a2">
         <name>.text</name>
         <load_address>0x245c</load_address>
         <run_address>0x245c</run_address>
         <size>0x87c</size>
         <input_file_ref idref="fl-3"/>
      </object_component>
      <object_component id="oc-2e7">
         <name>.text:__kernel_rem_pio2</name>
         <load_address>0x2cd8</load_address>
         <run_address>0x2cd8</run_address>
         <size>0x738</size>
         <input_file_ref idref="fl-dc"/>
      </object_component>
      <object_component id="oc-1ce">
         <name>.text:powf</name>
         <load_address>0x3410</load_address>
         <run_address>0x3410</run_address>
         <size>0x58c</size>
         <input_file_ref idref="fl-c6"/>
      </object_component>
      <object_component id="oc-1f1">
         <name>.text:tan</name>
         <load_address>0x399c</load_address>
         <run_address>0x399c</run_address>
         <size>0x508</size>
         <input_file_ref idref="fl-c9"/>
      </object_component>
      <object_component id="oc-ef">
         <name>.text</name>
         <load_address>0x3ea4</load_address>
         <run_address>0x3ea4</run_address>
         <size>0x328</size>
         <input_file_ref idref="fl-5"/>
      </object_component>
      <object_component id="oc-2ed">
         <name>.text:__kernel_tan</name>
         <load_address>0x41cc</load_address>
         <run_address>0x41cc</run_address>
         <size>0x31c</size>
         <input_file_ref idref="fl-df"/>
      </object_component>
      <object_component id="oc-319">
         <name>.text:_pconv_a</name>
         <load_address>0x44e8</load_address>
         <run_address>0x44e8</run_address>
         <size>0x270</size>
         <input_file_ref idref="fl-e2"/>
      </object_component>
      <object_component id="oc-1d7">
         <name>.text</name>
         <load_address>0x4758</load_address>
         <run_address>0x4758</run_address>
         <size>0x260</size>
         <input_file_ref idref="fl-f5"/>
      </object_component>
      <object_component id="oc-e3">
         <name>.text</name>
         <load_address>0x49b8</load_address>
         <run_address>0x49b8</run_address>
         <size>0x248</size>
         <input_file_ref idref="fl-2"/>
      </object_component>
      <object_component id="oc-2bf">
         <name>.text</name>
         <load_address>0x4c00</load_address>
         <run_address>0x4c00</run_address>
         <size>0x1ec</size>
         <input_file_ref idref="fl-f7"/>
      </object_component>
      <object_component id="oc-307">
         <name>.text:_pconv_g</name>
         <load_address>0x4dec</load_address>
         <run_address>0x4dec</run_address>
         <size>0x1d0</size>
         <input_file_ref idref="fl-e2"/>
      </object_component>
      <object_component id="oc-100">
         <name>.text</name>
         <load_address>0x4fbc</load_address>
         <run_address>0x4fbc</run_address>
         <size>0x1b6</size>
         <input_file_ref idref="fl-cd"/>
      </object_component>
      <object_component id="oc-452">
         <name>.text</name>
         <load_address>0x5172</load_address>
         <run_address>0x5172</run_address>
         <size>0x2</size>
         <input_file_ref idref="fl-f4"/>
      </object_component>
      <object_component id="oc-e9">
         <name>.text</name>
         <load_address>0x5174</load_address>
         <run_address>0x5174</run_address>
         <size>0x16c</size>
         <input_file_ref idref="fl-6"/>
      </object_component>
      <object_component id="oc-2b9">
         <name>.text</name>
         <load_address>0x52e0</load_address>
         <run_address>0x52e0</run_address>
         <size>0x158</size>
         <input_file_ref idref="fl-f8"/>
      </object_component>
      <object_component id="oc-313">
         <name>.text:_pconv_e</name>
         <load_address>0x5438</load_address>
         <run_address>0x5438</run_address>
         <size>0x13c</size>
         <input_file_ref idref="fl-e2"/>
      </object_component>
      <object_component id="oc-18d">
         <name>.text</name>
         <load_address>0x5574</load_address>
         <run_address>0x5574</run_address>
         <size>0x136</size>
         <input_file_ref idref="fl-cf"/>
      </object_component>
      <object_component id="oc-3e4">
         <name>.text:fcvt</name>
         <load_address>0x56ac</load_address>
         <run_address>0x56ac</run_address>
         <size>0x124</size>
         <input_file_ref idref="fl-e2"/>
      </object_component>
      <object_component id="oc-2c5">
         <name>.text</name>
         <load_address>0x57d0</load_address>
         <run_address>0x57d0</run_address>
         <size>0x118</size>
         <input_file_ref idref="fl-f6"/>
      </object_component>
      <object_component id="oc-3ab">
         <name>.text:scalbn</name>
         <load_address>0x58e8</load_address>
         <run_address>0x58e8</run_address>
         <size>0x110</size>
         <input_file_ref idref="fl-e1"/>
      </object_component>
      <object_component id="oc-35c">
         <name>.text:aligned_alloc</name>
         <load_address>0x59f8</load_address>
         <run_address>0x59f8</run_address>
         <size>0x100</size>
         <input_file_ref idref="fl-d9"/>
      </object_component>
      <object_component id="oc-11a">
         <name>.text</name>
         <load_address>0x5af8</load_address>
         <run_address>0x5af8</run_address>
         <size>0xfc</size>
         <input_file_ref idref="fl-d0"/>
      </object_component>
      <object_component id="oc-3b1">
         <name>.text:floor</name>
         <load_address>0x5bf4</load_address>
         <run_address>0x5bf4</run_address>
         <size>0xf8</size>
         <input_file_ref idref="fl-e0"/>
      </object_component>
      <object_component id="oc-1dd">
         <name>.text</name>
         <load_address>0x5cec</load_address>
         <run_address>0x5cec</run_address>
         <size>0xe4</size>
         <input_file_ref idref="fl-4"/>
      </object_component>
      <object_component id="oc-16b">
         <name>.text:free</name>
         <load_address>0x5dd0</load_address>
         <run_address>0x5dd0</run_address>
         <size>0xe4</size>
         <input_file_ref idref="fl-d9"/>
      </object_component>
      <object_component id="oc-1e3">
         <name>.text:realloc</name>
         <load_address>0x5eb4</load_address>
         <run_address>0x5eb4</run_address>
         <size>0xe4</size>
         <input_file_ref idref="fl-d9"/>
      </object_component>
      <object_component id="oc-2a0">
         <name>.text:scalbnf</name>
         <load_address>0x5f98</load_address>
         <run_address>0x5f98</run_address>
         <size>0xd0</size>
         <input_file_ref idref="fl-c8"/>
      </object_component>
      <object_component id="oc-301">
         <name>.text:_ltostr</name>
         <load_address>0x6068</load_address>
         <run_address>0x6068</run_address>
         <size>0xb1</size>
         <input_file_ref idref="fl-e2"/>
      </object_component>
      <object_component id="oc-3e">
         <name>.text</name>
         <load_address>0x611a</load_address>
         <run_address>0x611a</run_address>
         <size>0x9c</size>
         <input_file_ref idref="fl-d5"/>
      </object_component>
      <object_component id="oc-3cb">
         <name>.text</name>
         <load_address>0x61b6</load_address>
         <run_address>0x61b6</run_address>
         <size>0x96</size>
         <input_file_ref idref="fl-e4"/>
      </object_component>
      <object_component id="oc-110">
         <name>.text:__aeabi_cdcmple</name>
         <load_address>0x624c</load_address>
         <run_address>0x624c</run_address>
         <size>0x86</size>
         <input_file_ref idref="fl-ce"/>
      </object_component>
      <object_component id="oc-115">
         <name>.text:__aeabi_cdrcmple</name>
         <load_address>0x62d2</load_address>
         <run_address>0x62d2</run_address>
         <size>0x86</size>
         <input_file_ref idref="fl-ce"/>
      </object_component>
      <object_component id="oc-96">
         <name>.text</name>
         <load_address>0x6358</load_address>
         <run_address>0x6358</run_address>
         <size>0x7a</size>
         <input_file_ref idref="fl-e3"/>
      </object_component>
      <object_component id="oc-2d5">
         <name>.text:split</name>
         <load_address>0x63d4</load_address>
         <run_address>0x63d4</run_address>
         <size>0x70</size>
         <input_file_ref idref="fl-d9"/>
      </object_component>
      <object_component id="oc-3dd">
         <name>.text:_mcpy</name>
         <load_address>0x6444</load_address>
         <run_address>0x6444</run_address>
         <size>0x6e</size>
         <input_file_ref idref="fl-e2"/>
      </object_component>
      <object_component id="oc-195">
         <name>.text</name>
         <load_address>0x64b2</load_address>
         <run_address>0x64b2</run_address>
         <size>0x6e</size>
         <input_file_ref idref="fl-d2"/>
      </object_component>
      <object_component id="oc-15">
         <name>.text:decompress:lzss:__TI_decompress_lzss</name>
         <load_address>0x6520</load_address>
         <run_address>0x6520</run_address>
         <size>0x68</size>
         <input_file_ref idref="fl-d8"/>
      </object_component>
      <object_component id="oc-3f2">
         <name>.text:frexp</name>
         <load_address>0x6588</load_address>
         <run_address>0x6588</run_address>
         <size>0x64</size>
         <input_file_ref idref="fl-f3"/>
      </object_component>
      <object_component id="oc-30d">
         <name>.text:_pconv_f</name>
         <load_address>0x65ec</load_address>
         <run_address>0x65ec</run_address>
         <size>0x56</size>
         <input_file_ref idref="fl-e2"/>
      </object_component>
      <object_component id="oc-3d1">
         <name>.text:__TI_ltoa</name>
         <load_address>0x6642</load_address>
         <run_address>0x6642</run_address>
         <size>0x54</size>
         <input_file_ref idref="fl-ea"/>
      </object_component>
      <object_component id="oc-3d7">
         <name>.text:_ecpy</name>
         <load_address>0x6696</load_address>
         <run_address>0x6696</run_address>
         <size>0x52</size>
         <input_file_ref idref="fl-e2"/>
      </object_component>
      <object_component id="oc-2fb">
         <name>.text:atoi</name>
         <load_address>0x66e8</load_address>
         <run_address>0x66e8</run_address>
         <size>0x4c</size>
         <input_file_ref idref="fl-ec"/>
      </object_component>
      <object_component id="oc-105">
         <name>.text</name>
         <load_address>0x6734</load_address>
         <run_address>0x6734</run_address>
         <size>0x48</size>
         <input_file_ref idref="fl-d1"/>
      </object_component>
      <object_component id="oc-131">
         <name>.text:__TI_auto_init_nobinit_nopinit:__TI_auto_init_nobinit_nopinit</name>
         <load_address>0x677c</load_address>
         <run_address>0x677c</run_address>
         <size>0x44</size>
         <input_file_ref idref="fl-e5"/>
      </object_component>
      <object_component id="oc-10a">
         <name>.text:sprintf</name>
         <load_address>0x67c0</load_address>
         <run_address>0x67c0</run_address>
         <size>0x40</size>
         <input_file_ref idref="fl-ca"/>
      </object_component>
      <object_component id="oc-1b8">
         <name>.text:vsnprintf</name>
         <load_address>0x6800</load_address>
         <run_address>0x6800</run_address>
         <size>0x40</size>
         <input_file_ref idref="fl-cb"/>
      </object_component>
      <object_component id="oc-3ea">
         <name>.text:_fcpy</name>
         <load_address>0x6840</load_address>
         <run_address>0x6840</run_address>
         <size>0x3e</size>
         <input_file_ref idref="fl-e2"/>
      </object_component>
      <object_component id="oc-165">
         <name>.text:calloc</name>
         <load_address>0x6880</load_address>
         <run_address>0x6880</run_address>
         <size>0x38</size>
         <input_file_ref idref="fl-d9"/>
      </object_component>
      <object_component id="oc-19a">
         <name>.text</name>
         <load_address>0x68b8</load_address>
         <run_address>0x68b8</run_address>
         <size>0x38</size>
         <input_file_ref idref="fl-d3"/>
      </object_component>
      <object_component id="oc-17e">
         <name>.text:IntRegister</name>
         <load_address>0x68f0</load_address>
         <run_address>0x68f0</run_address>
         <size>0x34</size>
         <input_file_ref idref="fl-f9"/>
      </object_component>
      <object_component id="oc-5c">
         <name>.text:_c_int00_noargs:_c_int00_noargs</name>
         <load_address>0x6924</load_address>
         <run_address>0x6924</run_address>
         <size>0x34</size>
         <input_file_ref idref="fl-dd"/>
      </object_component>
      <object_component id="oc-27e">
         <name>.text:_outs</name>
         <load_address>0x6958</load_address>
         <run_address>0x6958</run_address>
         <size>0x30</size>
         <input_file_ref idref="fl-cb"/>
      </object_component>
      <object_component id="oc-fb">
         <name>.text</name>
         <load_address>0x6988</load_address>
         <run_address>0x6988</run_address>
         <size>0x2e</size>
         <input_file_ref idref="fl-d4"/>
      </object_component>
      <object_component id="oc-254">
         <name>.text:free_list_insert</name>
         <load_address>0x69b8</load_address>
         <run_address>0x69b8</run_address>
         <size>0x28</size>
         <input_file_ref idref="fl-d9"/>
      </object_component>
      <object_component id="oc-29a">
         <name>.text:sqrtf</name>
         <load_address>0x69e0</load_address>
         <run_address>0x69e0</run_address>
         <size>0x28</size>
         <input_file_ref idref="fl-c7"/>
      </object_component>
      <object_component id="oc-4a">
         <name>.text:decompress:ZI:__TI_zero_init_nomemset:__TI_zero_init_nomemset</name>
         <load_address>0x6a08</load_address>
         <run_address>0x6a08</run_address>
         <size>0x1c</size>
         <input_file_ref idref="fl-d6"/>
      </object_component>
      <object_component id="oc-24e">
         <name>.text:free_list_remove</name>
         <load_address>0x6a24</load_address>
         <run_address>0x6a24</run_address>
         <size>0x1c</size>
         <input_file_ref idref="fl-d9"/>
      </object_component>
      <object_component id="oc-31f">
         <name>.text:memccpy</name>
         <load_address>0x6a40</load_address>
         <run_address>0x6a40</run_address>
         <size>0x1c</size>
         <input_file_ref idref="fl-ee"/>
      </object_component>
      <object_component id="oc-439">
         <name>.text:copysign</name>
         <load_address>0x6a5c</load_address>
         <run_address>0x6a5c</run_address>
         <size>0x1a</size>
         <input_file_ref idref="fl-f2"/>
      </object_component>
      <object_component id="oc-284">
         <name>.text:_outc</name>
         <load_address>0x6a76</load_address>
         <run_address>0x6a76</run_address>
         <size>0x18</size>
         <input_file_ref idref="fl-cb"/>
      </object_component>
      <object_component id="oc-208">
         <name>.text:_outs</name>
         <load_address>0x6a8e</load_address>
         <run_address>0x6a8e</run_address>
         <size>0x18</size>
         <input_file_ref idref="fl-ca"/>
      </object_component>
      <object_component id="oc-381">
         <name>.text:copysignf</name>
         <load_address>0x6aa6</load_address>
         <run_address>0x6aa6</run_address>
         <size>0x18</size>
         <input_file_ref idref="fl-cc"/>
      </object_component>
      <object_component id="oc-171">
         <name>.text:oi_parseInt</name>
         <load_address>0x6abe</load_address>
         <run_address>0x6abe</run_address>
         <size>0x18</size>
         <input_file_ref idref="fl-7"/>
      </object_component>
      <object_component id="oc-178">
         <name>.text:strcmp</name>
         <load_address>0x6ad6</load_address>
         <run_address>0x6ad6</run_address>
         <size>0x18</size>
         <input_file_ref idref="fl-da"/>
      </object_component>
      <object_component id="oc-3f8">
         <name>.text:strchr</name>
         <load_address>0x6aee</load_address>
         <run_address>0x6aee</run_address>
         <size>0x16</size>
         <input_file_ref idref="fl-ef"/>
      </object_component>
      <object_component id="oc-1be">
         <name>.text:strcpy</name>
         <load_address>0x6b04</load_address>
         <run_address>0x6b04</run_address>
         <size>0x14</size>
         <input_file_ref idref="fl-db"/>
      </object_component>
      <object_component id="oc-2f5">
         <name>.text:strlen</name>
         <load_address>0x6b18</load_address>
         <run_address>0x6b18</run_address>
         <size>0x14</size>
         <input_file_ref idref="fl-f0"/>
      </object_component>
      <object_component id="oc-325">
         <name>.text:wcslen</name>
         <load_address>0x6b2c</load_address>
         <run_address>0x6b2c</run_address>
         <size>0x12</size>
         <input_file_ref idref="fl-f1"/>
      </object_component>
      <object_component id="oc-184">
         <name>.text:IntMasterEnable</name>
         <load_address>0x6b3e</load_address>
         <run_address>0x6b3e</run_address>
         <size>0x10</size>
         <input_file_ref idref="fl-f9"/>
      </object_component>
      <object_component id="oc-1b1">
         <name>.text:lcd_clear</name>
         <load_address>0x6b4e</load_address>
         <run_address>0x6b4e</run_address>
         <size>0x10</size>
         <input_file_ref idref="fl-5"/>
      </object_component>
      <object_component id="oc-1b">
         <name>.text:decompress:none:__TI_decompress_none</name>
         <load_address>0x6b5e</load_address>
         <run_address>0x6b5e</run_address>
         <size>0xe</size>
         <input_file_ref idref="fl-d7"/>
      </object_component>
      <object_component id="oc-267">
         <name>.text:CPUcpsie</name>
         <load_address>0x6b6c</load_address>
         <run_address>0x6b6c</run_address>
         <size>0xc</size>
         <input_file_ref idref="fl-fa"/>
      </object_component>
      <object_component id="oc-2a">
         <name>.text</name>
         <load_address>0x6b78</load_address>
         <run_address>0x6b78</run_address>
         <size>0xc</size>
         <input_file_ref idref="fl-9"/>
      </object_component>
      <object_component id="oc-20e">
         <name>.text:_outc</name>
         <load_address>0x6b84</load_address>
         <run_address>0x6b84</run_address>
         <size>0xa</size>
         <input_file_ref idref="fl-ca"/>
      </object_component>
      <object_component id="oc-2a6">
         <name>.text:__aeabi_errno_addr</name>
         <load_address>0x6b90</load_address>
         <run_address>0x6b90</run_address>
         <size>0x8</size>
         <input_file_ref idref="fl-de"/>
      </object_component>
      <object_component id="oc-247">
         <name>.text:malloc</name>
         <load_address>0x6b98</load_address>
         <run_address>0x6b98</run_address>
         <size>0x8</size>
         <input_file_ref idref="fl-d9"/>
      </object_component>
      <object_component id="oc-9c">
         <name>.text:_system_pre_init</name>
         <load_address>0x6ba0</load_address>
         <run_address>0x6ba0</run_address>
         <size>0x4</size>
         <input_file_ref idref="fl-e6"/>
      </object_component>
      <object_component id="oc-125">
         <name>.text:abort:abort</name>
         <load_address>0x6ba4</load_address>
         <run_address>0x6ba4</run_address>
         <size>0x4</size>
         <input_file_ref idref="fl-e8"/>
      </object_component>
      <object_component id="oc-3b7">
         <name>.const:$O1$$</name>
         <load_address>0x6ba8</load_address>
         <run_address>0x6ba8</run_address>
         <size>0x158</size>
         <input_file_ref idref="fl-dc"/>
      </object_component>
      <object_component id="oc-3c6">
         <name>.const:.string:_ctypes_</name>
         <load_address>0x6d00</load_address>
         <run_address>0x6d00</run_address>
         <size>0x101</size>
         <input_file_ref idref="fl-ed"/>
      </object_component>
      <object_component id="oc-1c4">
         <name>.const:.string:lineAddress$1</name>
         <load_address>0x6e01</load_address>
         <run_address>0x6e01</run_address>
         <size>0x4</size>
         <input_file_ref idref="fl-5"/>
      </object_component>
      <object_component id="oc-3bd">
         <name>.const:xxx</name>
         <load_address>0x6e08</load_address>
         <run_address>0x6e08</run_address>
         <size>0x80</size>
         <input_file_ref idref="fl-df"/>
      </object_component>
      <object_component id="oc-dd">
         <name>.const:.string:$P$T0$1</name>
         <load_address>0x6e88</load_address>
         <run_address>0x6e88</run_address>
         <size>0x36</size>
         <input_file_ref idref="fl-3"/>
      </object_component>
      <object_component id="oc-e0">
         <name>.const:.string:$P$T1$2</name>
         <load_address>0x6ebe</load_address>
         <run_address>0x6ebe</run_address>
         <size>0x36</size>
         <input_file_ref idref="fl-3"/>
      </object_component>
      <object_component id="oc-2ac">
         <name>.const:$O1$$</name>
         <load_address>0x6ef4</load_address>
         <run_address>0x6ef4</run_address>
         <size>0x18</size>
         <input_file_ref idref="fl-c6"/>
      </object_component>
      <object_component id="oc-192">
         <name>.const:.string:$P$T0$3</name>
         <load_address>0x6f0c</load_address>
         <run_address>0x6f0c</run_address>
         <size>0xf</size>
         <input_file_ref idref="fl-7"/>
      </object_component>
      <object_component id="oc-1c5">
         <name>.const:.string:lineAddresses$2</name>
         <load_address>0x6f1b</load_address>
         <run_address>0x6f1b</run_address>
         <size>0x4</size>
         <input_file_ref idref="fl-5"/>
      </object_component>
      <object_component id="oc-4ac">
         <name>.cinit..data.load</name>
         <load_address>0x6f20</load_address>
         <run_address>0x6f20</run_address>
         <size>0x1c</size>
      </object_component>
      <object_component id="oc-4a9">
         <name>__TI_handler_table</name>
         <load_address>0x6f3c</load_address>
         <run_address>0x6f3c</run_address>
         <size>0xc</size>
      </object_component>
      <object_component id="oc-4ad">
         <name>.cinit..bss.load</name>
         <load_address>0x6f48</load_address>
         <run_address>0x6f48</run_address>
         <size>0x8</size>
      </object_component>
      <object_component id="oc-4ab">
         <name>.cinit..vtable.load</name>
         <load_address>0x6f50</load_address>
         <run_address>0x6f50</run_address>
         <size>0x8</size>
      </object_component>
      <object_component id="oc-4aa">
         <name>__TI_cinit_table</name>
         <load_address>0x6f58</load_address>
         <run_address>0x6f58</run_address>
         <size>0x18</size>
      </object_component>
      <object_component id="oc-25d">
         <name>.vtable</name>
         <uninitialized>true</uninitialized>
         <run_address>0x20000000</run_address>
         <size>0x26c</size>
         <input_file_ref idref="fl-f9"/>
      </object_component>
      <object_component id="oc-1ab">
         <name>.data</name>
         <load_address>0x20002344</load_address>
         <run_address>0x20002344</run_address>
         <size>0x1</size>
         <input_file_ref idref="fl-2"/>
      </object_component>
      <object_component id="oc-18a">
         <name>.data</name>
         <load_address>0x20002304</load_address>
         <run_address>0x20002304</run_address>
         <size>0x20</size>
         <input_file_ref idref="fl-7"/>
      </object_component>
      <object_component id="oc-1d4">
         <name>.data</name>
         <load_address>0x20002334</load_address>
         <run_address>0x20002334</run_address>
         <size>0x8</size>
         <input_file_ref idref="fl-8"/>
      </object_component>
      <object_component id="oc-363">
         <name>.data:$O1$$</name>
         <load_address>0x2000232c</load_address>
         <run_address>0x2000232c</run_address>
         <size>0x8</size>
         <input_file_ref idref="fl-d9"/>
      </object_component>
      <object_component id="oc-38e">
         <name>.data</name>
         <load_address>0x20002340</load_address>
         <run_address>0x20002340</run_address>
         <size>0x4</size>
         <input_file_ref idref="fl-de"/>
      </object_component>
      <object_component id="oc-22b">
         <name>.data:$O1$$</name>
         <load_address>0x20002324</load_address>
         <run_address>0x20002324</run_address>
         <size>0x8</size>
         <input_file_ref idref="fl-e9"/>
      </object_component>
      <object_component id="oc-2cb">
         <name>.data</name>
         <load_address>0x2000233c</load_address>
         <run_address>0x2000233c</run_address>
         <size>0x4</size>
         <input_file_ref idref="fl-f5"/>
      </object_component>
      <object_component id="oc-1c6">
         <name>.bss:lastbuffer$3</name>
         <uninitialized>true</uninitialized>
         <run_address>0x20002270</run_address>
         <size>0x54</size>
         <input_file_ref idref="fl-5"/>
      </object_component>
      <object_component id="oc-19f">
         <name>.bss:firmware$2</name>
         <uninitialized>true</uninitialized>
         <run_address>0x200022c4</run_address>
         <size>0x18</size>
         <input_file_ref idref="fl-7"/>
      </object_component>
      <object_component id="oc-1ae">
         <name>.common:_timeout_ticks</name>
         <uninitialized>true</uninitialized>
         <run_address>0x200022e0</run_address>
         <size>0x4</size>
      </object_component>
      <object_component id="oc-1e9">
         <name>.common:right_calibration_value</name>
         <uninitialized>true</uninitialized>
         <run_address>0x200022f8</run_address>
         <size>0x4</size>
      </object_component>
      <object_component id="oc-1f0">
         <name>.common:left_calibration_value</name>
         <uninitialized>true</uninitialized>
         <run_address>0x200022ec</run_address>
         <size>0x4</size>
      </object_component>
      <object_component id="oc-11f">
         <name>.common:received_char</name>
         <uninitialized>true</uninitialized>
         <run_address>0x20002301</run_address>
         <size>0x1</size>
      </object_component>
      <object_component id="oc-1f7">
         <name>.common:returnPing</name>
         <uninitialized>true</uninitialized>
         <run_address>0x200022f4</run_address>
         <size>0x4</size>
      </object_component>
      <object_component id="oc-1f8">
         <name>.common:ReturnMidpoint</name>
         <uninitialized>true</uninitialized>
         <run_address>0x200022dc</run_address>
         <size>0x4</size>
      </object_component>
      <object_component id="oc-3a4">
         <name>.common:isr_int_value</name>
         <uninitialized>true</uninitialized>
         <run_address>0x200022e8</run_address>
         <size>0x4</size>
      </object_component>
      <object_component id="oc-3a0">
         <name>.common:risingEdge</name>
         <uninitialized>true</uninitialized>
         <run_address>0x200022fc</run_address>
         <size>0x4</size>
      </object_component>
      <object_component id="oc-3a1">
         <name>.common:fallingEdge</name>
         <uninitialized>true</uninitialized>
         <run_address>0x200022e4</run_address>
         <size>0x4</size>
      </object_component>
      <object_component id="oc-3a2">
         <name>.common:pulseLength</name>
         <uninitialized>true</uninitialized>
         <run_address>0x200022f0</run_address>
         <size>0x4</size>
      </object_component>
      <object_component id="oc-39d">
         <name>.common:isRisingEdge</name>
         <uninitialized>true</uninitialized>
         <run_address>0x20002300</run_address>
         <size>0x1</size>
      </object_component>
      <object_component id="oc-24">
         <name>.sysmem</name>
         <uninitialized>true</uninitialized>
         <run_address>0x20001270</run_address>
         <size>0x10</size>
         <input_file_ref idref="fl-d9"/>
      </object_component>
      <object_component id="oc-4b0">
         <name>.sysmem</name>
         <uninitialized>true</uninitialized>
         <run_address>0x20001270</run_address>
         <size>0x0</size>
      </object_component>
      <object_component id="oc-27">
         <name>.stack</name>
         <uninitialized>true</uninitialized>
         <run_address>0x20000270</run_address>
         <size>0x4</size>
         <input_file_ref idref="fl-dd"/>
      </object_component>
      <object_component id="oc-4af">
         <name>.stack</name>
         <uninitialized>true</uninitialized>
         <run_address>0x20000270</run_address>
         <size>0x0</size>
      </object_component>
      <object_component id="oc-c5">
         <name>.debug_info</name>
         <load_address>0x0</load_address>
         <run_address>0x0</run_address>
         <size>0x2b4</size>
         <input_file_ref idref="fl-2"/>
      </object_component>
      <object_component id="oc-1ac">
         <name>.debug_info</name>
         <load_address>0x2b4</load_address>
         <run_address>0x2b4</run_address>
         <size>0xc2</size>
         <input_file_ref idref="fl-2"/>
      </object_component>
      <object_component id="oc-e4">
         <name>.debug_info</name>
         <load_address>0x376</load_address>
         <run_address>0x376</run_address>
         <size>0x50a</size>
         <input_file_ref idref="fl-2"/>
      </object_component>
      <object_component id="oc-77">
         <name>.debug_info</name>
         <load_address>0x880</load_address>
         <run_address>0x880</run_address>
         <size>0x26b</size>
         <input_file_ref idref="fl-2"/>
      </object_component>
      <object_component id="oc-39">
         <name>.debug_info</name>
         <load_address>0xaeb</load_address>
         <run_address>0xaeb</run_address>
         <size>0x84</size>
         <input_file_ref idref="fl-2"/>
      </object_component>
      <object_component id="oc-c0">
         <name>.debug_info</name>
         <load_address>0xb6f</load_address>
         <run_address>0xb6f</run_address>
         <size>0x2a4</size>
         <input_file_ref idref="fl-2"/>
      </object_component>
      <object_component id="oc-7c">
         <name>.debug_info</name>
         <load_address>0xe13</load_address>
         <run_address>0xe13</run_address>
         <size>0xbb</size>
         <input_file_ref idref="fl-2"/>
      </object_component>
      <object_component id="oc-120">
         <name>.debug_info</name>
         <load_address>0xece</load_address>
         <run_address>0xece</run_address>
         <size>0x621</size>
         <input_file_ref idref="fl-3"/>
      </object_component>
      <object_component id="oc-de">
         <name>.debug_info</name>
         <load_address>0x14ef</load_address>
         <run_address>0x14ef</run_address>
         <size>0xca</size>
         <input_file_ref idref="fl-3"/>
      </object_component>
      <object_component id="oc-e1">
         <name>.debug_info</name>
         <load_address>0x15b9</load_address>
         <run_address>0x15b9</run_address>
         <size>0xca</size>
         <input_file_ref idref="fl-3"/>
      </object_component>
      <object_component id="oc-a3">
         <name>.debug_info</name>
         <load_address>0x1683</load_address>
         <run_address>0x1683</run_address>
         <size>0xec8</size>
         <input_file_ref idref="fl-3"/>
      </object_component>
      <object_component id="oc-21b">
         <name>.debug_info</name>
         <load_address>0x254b</load_address>
         <run_address>0x254b</run_address>
         <size>0x5aa</size>
         <input_file_ref idref="fl-3"/>
      </object_component>
      <object_component id="oc-1fa">
         <name>.debug_info</name>
         <load_address>0x2af5</load_address>
         <run_address>0x2af5</run_address>
         <size>0x9d</size>
         <input_file_ref idref="fl-3"/>
      </object_component>
      <object_component id="oc-277">
         <name>.debug_info</name>
         <load_address>0x2b92</load_address>
         <run_address>0x2b92</run_address>
         <size>0xcc</size>
         <input_file_ref idref="fl-3"/>
      </object_component>
      <object_component id="oc-1c9">
         <name>.debug_info</name>
         <load_address>0x2c5e</load_address>
         <run_address>0x2c5e</run_address>
         <size>0x2c</size>
         <input_file_ref idref="fl-3"/>
      </object_component>
      <object_component id="oc-220">
         <name>.debug_info</name>
         <load_address>0x2c8a</load_address>
         <run_address>0x2c8a</run_address>
         <size>0x35</size>
         <input_file_ref idref="fl-3"/>
      </object_component>
      <object_component id="oc-1ea">
         <name>.debug_info</name>
         <load_address>0x2cbf</load_address>
         <run_address>0x2cbf</run_address>
         <size>0x2cc</size>
         <input_file_ref idref="fl-4"/>
      </object_component>
      <object_component id="oc-1e1">
         <name>.debug_info</name>
         <load_address>0x2f8b</load_address>
         <run_address>0x2f8b</run_address>
         <size>0x157</size>
         <input_file_ref idref="fl-4"/>
      </object_component>
      <object_component id="oc-1c8">
         <name>.debug_info</name>
         <load_address>0x30e2</load_address>
         <run_address>0x30e2</run_address>
         <size>0x382</size>
         <input_file_ref idref="fl-5"/>
      </object_component>
      <object_component id="oc-1b3">
         <name>.debug_info</name>
         <load_address>0x3464</load_address>
         <run_address>0x3464</run_address>
         <size>0x117</size>
         <input_file_ref idref="fl-5"/>
      </object_component>
      <object_component id="oc-f1">
         <name>.debug_info</name>
         <load_address>0x357b</load_address>
         <run_address>0x357b</run_address>
         <size>0x8a3</size>
         <input_file_ref idref="fl-5"/>
      </object_component>
      <object_component id="oc-122">
         <name>.debug_info</name>
         <load_address>0x3e1e</load_address>
         <run_address>0x3e1e</run_address>
         <size>0x2e1</size>
         <input_file_ref idref="fl-6"/>
      </object_component>
      <object_component id="oc-ea">
         <name>.debug_info</name>
         <load_address>0x40ff</load_address>
         <run_address>0x40ff</run_address>
         <size>0x30a</size>
         <input_file_ref idref="fl-6"/>
      </object_component>
      <object_component id="oc-1a1">
         <name>.debug_info</name>
         <load_address>0x4409</load_address>
         <run_address>0x4409</run_address>
         <size>0x3ff</size>
         <input_file_ref idref="fl-7"/>
      </object_component>
      <object_component id="oc-18b">
         <name>.debug_info</name>
         <load_address>0x4808</load_address>
         <run_address>0x4808</run_address>
         <size>0x114</size>
         <input_file_ref idref="fl-7"/>
      </object_component>
      <object_component id="oc-193">
         <name>.debug_info</name>
         <load_address>0x491c</load_address>
         <run_address>0x491c</run_address>
         <size>0xc9</size>
         <input_file_ref idref="fl-7"/>
      </object_component>
      <object_component id="oc-172">
         <name>.debug_info</name>
         <load_address>0x49e5</load_address>
         <run_address>0x49e5</run_address>
         <size>0x141</size>
         <input_file_ref idref="fl-7"/>
      </object_component>
      <object_component id="oc-d8">
         <name>.debug_info</name>
         <load_address>0x4b26</load_address>
         <run_address>0x4b26</run_address>
         <size>0x198b</size>
         <input_file_ref idref="fl-7"/>
      </object_component>
      <object_component id="oc-1a2">
         <name>.debug_info</name>
         <load_address>0x64b1</load_address>
         <run_address>0x64b1</run_address>
         <size>0x8b</size>
         <input_file_ref idref="fl-7"/>
      </object_component>
      <object_component id="oc-1ec">
         <name>.debug_info</name>
         <load_address>0x653c</load_address>
         <run_address>0x653c</run_address>
         <size>0x520</size>
         <input_file_ref idref="fl-8"/>
      </object_component>
      <object_component id="oc-1d5">
         <name>.debug_info</name>
         <load_address>0x6a5c</load_address>
         <run_address>0x6a5c</run_address>
         <size>0xf4</size>
         <input_file_ref idref="fl-8"/>
      </object_component>
      <object_component id="oc-f6">
         <name>.debug_info</name>
         <load_address>0x6b50</load_address>
         <run_address>0x6b50</run_address>
         <size>0xf62</size>
         <input_file_ref idref="fl-8"/>
      </object_component>
      <object_component id="oc-2e0">
         <name>.debug_info</name>
         <load_address>0x7ab2</load_address>
         <run_address>0x7ab2</run_address>
         <size>0x9a</size>
         <input_file_ref idref="fl-8"/>
      </object_component>
      <object_component id="oc-32">
         <name>.debug_info</name>
         <load_address>0x7b4c</load_address>
         <run_address>0x7b4c</run_address>
         <size>0x29e</size>
         <input_file_ref idref="fl-9"/>
      </object_component>
      <object_component id="oc-13">
         <name>.debug_info</name>
         <load_address>0x7dea</load_address>
         <run_address>0x7dea</run_address>
         <size>0xdd</size>
         <input_file_ref idref="fl-9"/>
      </object_component>
      <object_component id="oc-2c">
         <name>.debug_info</name>
         <load_address>0x7ec7</load_address>
         <run_address>0x7ec7</run_address>
         <size>0x259</size>
         <input_file_ref idref="fl-9"/>
      </object_component>
      <object_component id="oc-2b5">
         <name>.debug_info</name>
         <load_address>0x8120</load_address>
         <run_address>0x8120</run_address>
         <size>0x35e</size>
         <input_file_ref idref="fl-c6"/>
      </object_component>
      <object_component id="oc-2ad">
         <name>.debug_info</name>
         <load_address>0x847e</load_address>
         <run_address>0x847e</run_address>
         <size>0x129</size>
         <input_file_ref idref="fl-c6"/>
      </object_component>
      <object_component id="oc-1d1">
         <name>.debug_info</name>
         <load_address>0x85a7</load_address>
         <run_address>0x85a7</run_address>
         <size>0x323</size>
         <input_file_ref idref="fl-c6"/>
      </object_component>
      <object_component id="oc-395">
         <name>.debug_info</name>
         <load_address>0x88ca</load_address>
         <run_address>0x88ca</run_address>
         <size>0x46</size>
         <input_file_ref idref="fl-c6"/>
      </object_component>
      <object_component id="oc-2b0">
         <name>.debug_info</name>
         <load_address>0x8910</load_address>
         <run_address>0x8910</run_address>
         <size>0x39</size>
         <input_file_ref idref="fl-c6"/>
      </object_component>
      <object_component id="oc-380">
         <name>.debug_info</name>
         <load_address>0x8949</load_address>
         <run_address>0x8949</run_address>
         <size>0x2c1</size>
         <input_file_ref idref="fl-c7"/>
      </object_component>
      <object_component id="oc-29b">
         <name>.debug_info</name>
         <load_address>0x8c0a</load_address>
         <run_address>0x8c0a</run_address>
         <size>0x171</size>
         <input_file_ref idref="fl-c7"/>
      </object_component>
      <object_component id="oc-388">
         <name>.debug_info</name>
         <load_address>0x8d7b</load_address>
         <run_address>0x8d7b</run_address>
         <size>0x2f6</size>
         <input_file_ref idref="fl-c8"/>
      </object_component>
      <object_component id="oc-2a1">
         <name>.debug_info</name>
         <load_address>0x9071</load_address>
         <run_address>0x9071</run_address>
         <size>0x1cc</size>
         <input_file_ref idref="fl-c8"/>
      </object_component>
      <object_component id="oc-42c">
         <name>.debug_info</name>
         <load_address>0x923d</load_address>
         <run_address>0x923d</run_address>
         <size>0x39</size>
         <input_file_ref idref="fl-c8"/>
      </object_component>
      <object_component id="oc-389">
         <name>.debug_info</name>
         <load_address>0x9276</load_address>
         <run_address>0x9276</run_address>
         <size>0x2c</size>
         <input_file_ref idref="fl-c8"/>
      </object_component>
      <object_component id="oc-2f4">
         <name>.debug_info</name>
         <load_address>0x92a2</load_address>
         <run_address>0x92a2</run_address>
         <size>0x36a</size>
         <input_file_ref idref="fl-c9"/>
      </object_component>
      <object_component id="oc-1f4">
         <name>.debug_info</name>
         <load_address>0x960c</load_address>
         <run_address>0x960c</run_address>
         <size>0x5d4</size>
         <input_file_ref idref="fl-c9"/>
      </object_component>
      <object_component id="oc-215">
         <name>.debug_info</name>
         <load_address>0x9be0</load_address>
         <run_address>0x9be0</run_address>
         <size>0x333</size>
         <input_file_ref idref="fl-ca"/>
      </object_component>
      <object_component id="oc-10c">
         <name>.debug_info</name>
         <load_address>0x9f13</load_address>
         <run_address>0x9f13</run_address>
         <size>0x1d1</size>
         <input_file_ref idref="fl-ca"/>
      </object_component>
      <object_component id="oc-209">
         <name>.debug_info</name>
         <load_address>0xa0e4</load_address>
         <run_address>0xa0e4</run_address>
         <size>0x18d</size>
         <input_file_ref idref="fl-ca"/>
      </object_component>
      <object_component id="oc-212">
         <name>.debug_info</name>
         <load_address>0xa271</load_address>
         <run_address>0xa271</run_address>
         <size>0x16d</size>
         <input_file_ref idref="fl-ca"/>
      </object_component>
      <object_component id="oc-28c">
         <name>.debug_info</name>
         <load_address>0xa3de</load_address>
         <run_address>0xa3de</run_address>
         <size>0x2c</size>
         <input_file_ref idref="fl-ca"/>
      </object_component>
      <object_component id="oc-28b">
         <name>.debug_info</name>
         <load_address>0xa40a</load_address>
         <run_address>0xa40a</run_address>
         <size>0x340</size>
         <input_file_ref idref="fl-cb"/>
      </object_component>
      <object_component id="oc-1b9">
         <name>.debug_info</name>
         <load_address>0xa74a</load_address>
         <run_address>0xa74a</run_address>
         <size>0x208</size>
         <input_file_ref idref="fl-cb"/>
      </object_component>
      <object_component id="oc-27f">
         <name>.debug_info</name>
         <load_address>0xa952</load_address>
         <run_address>0xa952</run_address>
         <size>0x1c6</size>
         <input_file_ref idref="fl-cb"/>
      </object_component>
      <object_component id="oc-286">
         <name>.debug_info</name>
         <load_address>0xab18</load_address>
         <run_address>0xab18</run_address>
         <size>0x179</size>
         <input_file_ref idref="fl-cb"/>
      </object_component>
      <object_component id="oc-291">
         <name>.debug_info</name>
         <load_address>0xac91</load_address>
         <run_address>0xac91</run_address>
         <size>0x69</size>
         <input_file_ref idref="fl-cb"/>
      </object_component>
      <object_component id="oc-429">
         <name>.debug_info</name>
         <load_address>0xacfa</load_address>
         <run_address>0xacfa</run_address>
         <size>0x289</size>
         <input_file_ref idref="fl-cc"/>
      </object_component>
      <object_component id="oc-384">
         <name>.debug_info</name>
         <load_address>0xaf83</load_address>
         <run_address>0xaf83</run_address>
         <size>0x17e</size>
         <input_file_ref idref="fl-cc"/>
      </object_component>
      <object_component id="oc-102">
         <name>.debug_info</name>
         <load_address>0xb101</load_address>
         <run_address>0xb101</run_address>
         <size>0x14c</size>
         <input_file_ref idref="fl-cd"/>
      </object_component>
      <object_component id="oc-111">
         <name>.debug_info</name>
         <load_address>0xb24d</load_address>
         <run_address>0xb24d</run_address>
         <size>0x128</size>
         <input_file_ref idref="fl-ce"/>
      </object_component>
      <object_component id="oc-116">
         <name>.debug_info</name>
         <load_address>0xb375</load_address>
         <run_address>0xb375</run_address>
         <size>0x12a</size>
         <input_file_ref idref="fl-ce"/>
      </object_component>
      <object_component id="oc-18e">
         <name>.debug_info</name>
         <load_address>0xb49f</load_address>
         <run_address>0xb49f</run_address>
         <size>0x13a</size>
         <input_file_ref idref="fl-cf"/>
      </object_component>
      <object_component id="oc-11d">
         <name>.debug_info</name>
         <load_address>0xb5d9</load_address>
         <run_address>0xb5d9</run_address>
         <size>0x13a</size>
         <input_file_ref idref="fl-d0"/>
      </object_component>
      <object_component id="oc-106">
         <name>.debug_info</name>
         <load_address>0xb713</load_address>
         <run_address>0xb713</run_address>
         <size>0x12e</size>
         <input_file_ref idref="fl-d1"/>
      </object_component>
      <object_component id="oc-197">
         <name>.debug_info</name>
         <load_address>0xb841</load_address>
         <run_address>0xb841</run_address>
         <size>0x13e</size>
         <input_file_ref idref="fl-d2"/>
      </object_component>
      <object_component id="oc-19d">
         <name>.debug_info</name>
         <load_address>0xb97f</load_address>
         <run_address>0xb97f</run_address>
         <size>0x12c</size>
         <input_file_ref idref="fl-d3"/>
      </object_component>
      <object_component id="oc-fc">
         <name>.debug_info</name>
         <load_address>0xbaab</load_address>
         <run_address>0xbaab</run_address>
         <size>0x12c</size>
         <input_file_ref idref="fl-d4"/>
      </object_component>
      <object_component id="oc-3f">
         <name>.debug_info</name>
         <load_address>0xbbd7</load_address>
         <run_address>0xbbd7</run_address>
         <size>0x119</size>
         <input_file_ref idref="fl-d5"/>
      </object_component>
      <object_component id="oc-95">
         <name>.debug_info</name>
         <load_address>0xbcf0</load_address>
         <run_address>0xbcf0</run_address>
         <size>0x2d4</size>
         <input_file_ref idref="fl-d6"/>
      </object_component>
      <object_component id="oc-4b">
         <name>.debug_info</name>
         <load_address>0xbfc4</load_address>
         <run_address>0xbfc4</run_address>
         <size>0x1d2</size>
         <input_file_ref idref="fl-d6"/>
      </object_component>
      <object_component id="oc-90">
         <name>.debug_info</name>
         <load_address>0xc196</load_address>
         <run_address>0xc196</run_address>
         <size>0x46</size>
         <input_file_ref idref="fl-d6"/>
      </object_component>
      <object_component id="oc-ce">
         <name>.debug_info</name>
         <load_address>0xc1dc</load_address>
         <run_address>0xc1dc</run_address>
         <size>0x2c</size>
         <input_file_ref idref="fl-d6"/>
      </object_component>
      <object_component id="oc-49">
         <name>.debug_info</name>
         <load_address>0xc208</load_address>
         <run_address>0xc208</run_address>
         <size>0x2a8</size>
         <input_file_ref idref="fl-d7"/>
      </object_component>
      <object_component id="oc-1d">
         <name>.debug_info</name>
         <load_address>0xc4b0</load_address>
         <run_address>0xc4b0</run_address>
         <size>0x1ea</size>
         <input_file_ref idref="fl-d7"/>
      </object_component>
      <object_component id="oc-44">
         <name>.debug_info</name>
         <load_address>0xc69a</load_address>
         <run_address>0xc69a</run_address>
         <size>0x46</size>
         <input_file_ref idref="fl-d7"/>
      </object_component>
      <object_component id="oc-88">
         <name>.debug_info</name>
         <load_address>0xc6e0</load_address>
         <run_address>0xc6e0</run_address>
         <size>0x2c</size>
         <input_file_ref idref="fl-d7"/>
      </object_component>
      <object_component id="oc-86">
         <name>.debug_info</name>
         <load_address>0xc70c</load_address>
         <run_address>0xc70c</run_address>
         <size>0x29e</size>
         <input_file_ref idref="fl-d8"/>
      </object_component>
      <object_component id="oc-18">
         <name>.debug_info</name>
         <load_address>0xc9aa</load_address>
         <run_address>0xc9aa</run_address>
         <size>0x250</size>
         <input_file_ref idref="fl-d8"/>
      </object_component>
      <object_component id="oc-34">
         <name>.debug_info</name>
         <load_address>0xcbfa</load_address>
         <run_address>0xcbfa</run_address>
         <size>0x60</size>
         <input_file_ref idref="fl-d8"/>
      </object_component>
      <object_component id="oc-c7">
         <name>.debug_info</name>
         <load_address>0xcc5a</load_address>
         <run_address>0xcc5a</run_address>
         <size>0x46</size>
         <input_file_ref idref="fl-d8"/>
      </object_component>
      <object_component id="oc-81">
         <name>.debug_info</name>
         <load_address>0xcca0</load_address>
         <run_address>0xcca0</run_address>
         <size>0x39</size>
         <input_file_ref idref="fl-d8"/>
      </object_component>
      <object_component id="oc-70">
         <name>.debug_info</name>
         <load_address>0xccd9</load_address>
         <run_address>0xccd9</run_address>
         <size>0x3b2</size>
         <input_file_ref idref="fl-d9"/>
      </object_component>
      <object_component id="oc-25">
         <name>.debug_info</name>
         <load_address>0xd08b</load_address>
         <run_address>0xd08b</run_address>
         <size>0x10c</size>
         <input_file_ref idref="fl-d9"/>
      </object_component>
      <object_component id="oc-364">
         <name>.debug_info</name>
         <load_address>0xd197</load_address>
         <run_address>0xd197</run_address>
         <size>0x13f</size>
         <input_file_ref idref="fl-d9"/>
      </object_component>
      <object_component id="oc-249">
         <name>.debug_info</name>
         <load_address>0xd2d6</load_address>
         <run_address>0xd2d6</run_address>
         <size>0x168</size>
         <input_file_ref idref="fl-d9"/>
      </object_component>
      <object_component id="oc-250">
         <name>.debug_info</name>
         <load_address>0xd43e</load_address>
         <run_address>0xd43e</run_address>
         <size>0x18e</size>
         <input_file_ref idref="fl-d9"/>
      </object_component>
      <object_component id="oc-256">
         <name>.debug_info</name>
         <load_address>0xd5cc</load_address>
         <run_address>0xd5cc</run_address>
         <size>0x19f</size>
         <input_file_ref idref="fl-d9"/>
      </object_component>
      <object_component id="oc-16d">
         <name>.debug_info</name>
         <load_address>0xd76b</load_address>
         <run_address>0xd76b</run_address>
         <size>0x203</size>
         <input_file_ref idref="fl-d9"/>
      </object_component>
      <object_component id="oc-2d7">
         <name>.debug_info</name>
         <load_address>0xd96e</load_address>
         <run_address>0xd96e</run_address>
         <size>0x1db</size>
         <input_file_ref idref="fl-d9"/>
      </object_component>
      <object_component id="oc-1e5">
         <name>.debug_info</name>
         <load_address>0xdb49</load_address>
         <run_address>0xdb49</run_address>
         <size>0x26e</size>
         <input_file_ref idref="fl-d9"/>
      </object_component>
      <object_component id="oc-167">
         <name>.debug_info</name>
         <load_address>0xddb7</load_address>
         <run_address>0xddb7</run_address>
         <size>0x1a5</size>
         <input_file_ref idref="fl-d9"/>
      </object_component>
      <object_component id="oc-35e">
         <name>.debug_info</name>
         <load_address>0xdf5c</load_address>
         <run_address>0xdf5c</run_address>
         <size>0x299</size>
         <input_file_ref idref="fl-d9"/>
      </object_component>
      <object_component id="oc-bb">
         <name>.debug_info</name>
         <load_address>0xe1f5</load_address>
         <run_address>0xe1f5</run_address>
         <size>0xb2</size>
         <input_file_ref idref="fl-d9"/>
      </object_component>
      <object_component id="oc-b6">
         <name>.debug_info</name>
         <load_address>0xe2a7</load_address>
         <run_address>0xe2a7</run_address>
         <size>0x2c</size>
         <input_file_ref idref="fl-d9"/>
      </object_component>
      <object_component id="oc-25c">
         <name>.debug_info</name>
         <load_address>0xe2d3</load_address>
         <run_address>0xe2d3</run_address>
         <size>0x28a</size>
         <input_file_ref idref="fl-da"/>
      </object_component>
      <object_component id="oc-17a">
         <name>.debug_info</name>
         <load_address>0xe55d</load_address>
         <run_address>0xe55d</run_address>
         <size>0x273</size>
         <input_file_ref idref="fl-da"/>
      </object_component>
      <object_component id="oc-297">
         <name>.debug_info</name>
         <load_address>0xe7d0</load_address>
         <run_address>0xe7d0</run_address>
         <size>0x2a4</size>
         <input_file_ref idref="fl-db"/>
      </object_component>
      <object_component id="oc-1c0">
         <name>.debug_info</name>
         <load_address>0xea74</load_address>
         <run_address>0xea74</run_address>
         <size>0x24d</size>
         <input_file_ref idref="fl-db"/>
      </object_component>
      <object_component id="oc-3bb">
         <name>.debug_info</name>
         <load_address>0xecc1</load_address>
         <run_address>0xecc1</run_address>
         <size>0x3aa</size>
         <input_file_ref idref="fl-dc"/>
      </object_component>
      <object_component id="oc-3b8">
         <name>.debug_info</name>
         <load_address>0xf06b</load_address>
         <run_address>0xf06b</run_address>
         <size>0x13a</size>
         <input_file_ref idref="fl-dc"/>
      </object_component>
      <object_component id="oc-2e8">
         <name>.debug_info</name>
         <load_address>0xf1a5</load_address>
         <run_address>0xf1a5</run_address>
         <size>0x72f</size>
         <input_file_ref idref="fl-dc"/>
      </object_component>
      <object_component id="oc-28">
         <name>.debug_info</name>
         <load_address>0xf8d4</load_address>
         <run_address>0xf8d4</run_address>
         <size>0x10b</size>
         <input_file_ref idref="fl-dd"/>
      </object_component>
      <object_component id="oc-5f">
         <name>.debug_info</name>
         <load_address>0xf9df</load_address>
         <run_address>0xf9df</run_address>
         <size>0x1a9</size>
         <input_file_ref idref="fl-dd"/>
      </object_component>
      <object_component id="oc-392">
         <name>.debug_info</name>
         <load_address>0xfb88</load_address>
         <run_address>0xfb88</run_address>
         <size>0x289</size>
         <input_file_ref idref="fl-de"/>
      </object_component>
      <object_component id="oc-38f">
         <name>.debug_info</name>
         <load_address>0xfe11</load_address>
         <run_address>0xfe11</run_address>
         <size>0x10e</size>
         <input_file_ref idref="fl-de"/>
      </object_component>
      <object_component id="oc-2a7">
         <name>.debug_info</name>
         <load_address>0xff1f</load_address>
         <run_address>0xff1f</run_address>
         <size>0x14e</size>
         <input_file_ref idref="fl-de"/>
      </object_component>
      <object_component id="oc-3c1">
         <name>.debug_info</name>
         <load_address>0x1006d</load_address>
         <run_address>0x1006d</run_address>
         <size>0x29b</size>
         <input_file_ref idref="fl-df"/>
      </object_component>
      <object_component id="oc-3be">
         <name>.debug_info</name>
         <load_address>0x10308</load_address>
         <run_address>0x10308</run_address>
         <size>0xfa</size>
         <input_file_ref idref="fl-df"/>
      </object_component>
      <object_component id="oc-2f1">
         <name>.debug_info</name>
         <load_address>0x10402</load_address>
         <run_address>0x10402</run_address>
         <size>0x5d3</size>
         <input_file_ref idref="fl-df"/>
      </object_component>
      <object_component id="oc-442">
         <name>.debug_info</name>
         <load_address>0x109d5</load_address>
         <run_address>0x109d5</run_address>
         <size>0x28a</size>
         <input_file_ref idref="fl-e0"/>
      </object_component>
      <object_component id="oc-3b2">
         <name>.debug_info</name>
         <load_address>0x10c5f</load_address>
         <run_address>0x10c5f</run_address>
         <size>0x22a</size>
         <input_file_ref idref="fl-e0"/>
      </object_component>
      <object_component id="oc-440">
         <name>.debug_info</name>
         <load_address>0x10e89</load_address>
         <run_address>0x10e89</run_address>
         <size>0x2f8</size>
         <input_file_ref idref="fl-e1"/>
      </object_component>
      <object_component id="oc-3ac">
         <name>.debug_info</name>
         <load_address>0x11181</load_address>
         <run_address>0x11181</run_address>
         <size>0x225</size>
         <input_file_ref idref="fl-e1"/>
      </object_component>
      <object_component id="oc-32c">
         <name>.debug_info</name>
         <load_address>0x113a6</load_address>
         <run_address>0x113a6</run_address>
         <size>0x590</size>
         <input_file_ref idref="fl-e2"/>
      </object_component>
      <object_component id="oc-302">
         <name>.debug_info</name>
         <load_address>0x11936</load_address>
         <run_address>0x11936</run_address>
         <size>0x21e</size>
         <input_file_ref idref="fl-e2"/>
      </object_component>
      <object_component id="oc-3d8">
         <name>.debug_info</name>
         <load_address>0x11b54</load_address>
         <run_address>0x11b54</run_address>
         <size>0x1b3</size>
         <input_file_ref idref="fl-e2"/>
      </object_component>
      <object_component id="oc-3de">
         <name>.debug_info</name>
         <load_address>0x11d07</load_address>
         <run_address>0x11d07</run_address>
         <size>0x21b</size>
         <input_file_ref idref="fl-e2"/>
      </object_component>
      <object_component id="oc-308">
         <name>.debug_info</name>
         <load_address>0x11f22</load_address>
         <run_address>0x11f22</run_address>
         <size>0x3c0</size>
         <input_file_ref idref="fl-e2"/>
      </object_component>
      <object_component id="oc-3e5">
         <name>.debug_info</name>
         <load_address>0x122e2</load_address>
         <run_address>0x122e2</run_address>
         <size>0x30a</size>
         <input_file_ref idref="fl-e2"/>
      </object_component>
      <object_component id="oc-3eb">
         <name>.debug_info</name>
         <load_address>0x125ec</load_address>
         <run_address>0x125ec</run_address>
         <size>0x215</size>
         <input_file_ref idref="fl-e2"/>
      </object_component>
      <object_component id="oc-30e">
         <name>.debug_info</name>
         <load_address>0x12801</load_address>
         <run_address>0x12801</run_address>
         <size>0x215</size>
         <input_file_ref idref="fl-e2"/>
      </object_component>
      <object_component id="oc-314">
         <name>.debug_info</name>
         <load_address>0x12a16</load_address>
         <run_address>0x12a16</run_address>
         <size>0x304</size>
         <input_file_ref idref="fl-e2"/>
      </object_component>
      <object_component id="oc-31a">
         <name>.debug_info</name>
         <load_address>0x12d1a</load_address>
         <run_address>0x12d1a</run_address>
         <size>0x4b5</size>
         <input_file_ref idref="fl-e2"/>
      </object_component>
      <object_component id="oc-203">
         <name>.debug_info</name>
         <load_address>0x131cf</load_address>
         <run_address>0x131cf</run_address>
         <size>0x5f4</size>
         <input_file_ref idref="fl-e2"/>
      </object_component>
      <object_component id="oc-32d">
         <name>.debug_info</name>
         <load_address>0x137c3</load_address>
         <run_address>0x137c3</run_address>
         <size>0x86</size>
         <input_file_ref idref="fl-e2"/>
      </object_component>
      <object_component id="oc-40a">
         <name>.debug_info</name>
         <load_address>0x13849</load_address>
         <run_address>0x13849</run_address>
         <size>0x39</size>
         <input_file_ref idref="fl-e2"/>
      </object_component>
      <object_component id="oc-46b">
         <name>.debug_info</name>
         <load_address>0x13882</load_address>
         <run_address>0x13882</run_address>
         <size>0xb6</size>
         <input_file_ref idref="fl-e2"/>
      </object_component>
      <object_component id="oc-40f">
         <name>.debug_info</name>
         <load_address>0x13938</load_address>
         <run_address>0x13938</run_address>
         <size>0x46</size>
         <input_file_ref idref="fl-e2"/>
      </object_component>
      <object_component id="oc-332">
         <name>.debug_info</name>
         <load_address>0x1397e</load_address>
         <run_address>0x1397e</run_address>
         <size>0x46</size>
         <input_file_ref idref="fl-e2"/>
      </object_component>
      <object_component id="oc-99">
         <name>.debug_info</name>
         <load_address>0x139c4</load_address>
         <run_address>0x139c4</run_address>
         <size>0x147</size>
         <input_file_ref idref="fl-e3"/>
      </object_component>
      <object_component id="oc-3cc">
         <name>.debug_info</name>
         <load_address>0x13b0b</load_address>
         <run_address>0x13b0b</run_address>
         <size>0x134</size>
         <input_file_ref idref="fl-e4"/>
      </object_component>
      <object_component id="oc-232">
         <name>.debug_info</name>
         <load_address>0x13c3f</load_address>
         <run_address>0x13c3f</run_address>
         <size>0x4b3</size>
         <input_file_ref idref="fl-e5"/>
      </object_component>
[...]
         <name>oi_loadSong</name>
         <value>0x915</value>
         <object_component_ref idref="oc-d7"/>
      </symbol>
      <symbol id="sm-297">
         <name>oi_play_song</name>
         <value>0x96b</value>
         <object_component_ref idref="oc-d7"/>
      </symbol>
      <symbol id="sm-298">
         <name>oi_parsePacket</name>
         <value>0x32b</value>
         <object_component_ref idref="oc-d7"/>
      </symbol>
      <symbol id="sm-299">
         <name>oi_setLeds</name>
         <value>0x84b</value>
         <object_component_ref idref="oc-d7"/>
      </symbol>
      <symbol id="sm-29a">
         <name>oi_init</name>
         <value>0x2b1</value>
         <object_component_ref idref="oc-d7"/>
      </symbol>
      <symbol id="sm-29b">
         <name>oi_update</name>
         <value>0x2d9</value>
         <object_component_ref idref="oc-d7"/>
      </symbol>
      <symbol id="sm-29c">
         <name>oi_uartInit</name>
         <value>0x98d</value>
         <object_component_ref idref="oc-d7"/>
      </symbol>
      <symbol id="sm-322">
         <name>returnPing</name>
         <value>0x200022f4</value>
      </symbol>
      <symbol id="sm-323">
         <name>ReturnMidpoint</name>
         <value>0x200022dc</value>
      </symbol>
      <symbol id="sm-324">
         <name>setMaxDistance</name>
         <value>0xe8d</value>
         <object_component_ref idref="oc-f5"/>
      </symbol>
      <symbol id="sm-325">
         <name>getMidPoint</name>
         <value>0x18d1</value>
         <object_component_ref idref="oc-f5"/>
      </symbol>
      <symbol id="sm-326">
         <name>IrToMeters</name>
         <value>0x18d7</value>
         <object_component_ref idref="oc-f5"/>
      </symbol>
      <symbol id="sm-327">
         <name>maxDistance</name>
         <value>0x20002334</value>
         <object_component_ref idref="oc-1d4"/>
      </symbol>
      <symbol id="sm-328">
         <name>calculateLinearWidth</name>
         <value>0x1947</value>
         <object_component_ref idref="oc-f5"/>
      </symbol>
      <symbol id="sm-329">
         <name>getMaxDistance</name>
         <value>0xe9d</value>
         <object_component_ref idref="oc-f5"/>
      </symbol>
      <symbol id="sm-32a">
         <name>IR_to_cm</name>
         <value>0xea3</value>
         <object_component_ref idref="oc-f5"/>
      </symbol>
      <symbol id="sm-32b">
         <name>longScan</name>
         <value>0x143d</value>
         <object_component_ref idref="oc-f5"/>
      </symbol>
      <symbol id="sm-32c">
         <name>setDistance</name>
         <value>0x18a1</value>
         <object_component_ref idref="oc-f5"/>
      </symbol>
      <symbol id="sm-32d">
         <name>detectedObject</name>
         <value>0x20002338</value>
         <object_component_ref idref="oc-1d4"/>
      </symbol>
      <symbol id="sm-32e">
         <name>getPing</name>
         <value>0x18b3</value>
         <object_component_ref idref="oc-f5"/>
      </symbol>
      <symbol id="sm-32f">
         <name>setMidpoint</name>
         <value>0x18bb</value>
         <object_component_ref idref="oc-f5"/>
      </symbol>
      <symbol id="sm-330">
         <name>shortScan</name>
         <value>0xef1</value>
         <object_component_ref idref="oc-f5"/>
      </symbol>
      <symbol id="sm-34c">
         <name>ResetISR</name>
         <value>0x6b79</value>
         <object_component_ref idref="oc-2a"/>
      </symbol>
      <symbol id="sm-34d">
         <name>g_pfnVectors</name>
         <value>0x0</value>
         <object_component_ref idref="oc-12"/>
      </symbol>
      <symbol id="sm-3bb">
         <name>powf</name>
         <value>0x3411</value>
         <object_component_ref idref="oc-1ce"/>
      </symbol>
      <symbol id="sm-3cb">
         <name>sqrtf</name>
         <value>0x69e1</value>
         <object_component_ref idref="oc-29a"/>
      </symbol>
      <symbol id="sm-3f2">
         <name>scalbnf</name>
         <value>0x5f99</value>
         <object_component_ref idref="oc-2a0"/>
      </symbol>
      <symbol id="sm-3f3">
         <name>ldexpf</name>
         <value>0x5f99</value>
         <object_component_ref idref="oc-2a0"/>
      </symbol>
      <symbol id="sm-444">
         <name>tanl</name>
         <value>0x399d</value>
         <object_component_ref idref="oc-1f1"/>
      </symbol>
      <symbol id="sm-445">
         <name>tan</name>
         <value>0x399d</value>
         <object_component_ref idref="oc-1f1"/>
      </symbol>
      <symbol id="sm-46c">
         <name>sprintf</name>
         <value>0x67c1</value>
         <object_component_ref idref="oc-10a"/>
      </symbol>
      <symbol id="sm-496">
         <name>vsnprintf</name>
         <value>0x6801</value>
         <object_component_ref idref="oc-1b8"/>
      </symbol>
      <symbol id="sm-4a3">
         <name>copysignf</name>
         <value>0x6aa7</value>
         <object_component_ref idref="oc-381"/>
      </symbol>
      <symbol id="sm-4ba">
         <name>__aeabi_dsub</name>
         <value>0x4fbd</value>
         <object_component_ref idref="oc-100"/>
      </symbol>
      <symbol id="sm-4bb">
         <name>__aeabi_dadd</name>
         <value>0x4fc7</value>
         <object_component_ref idref="oc-100"/>
      </symbol>
      <symbol id="sm-4dd">
         <name>__aeabi_cdcmpeq</name>
         <value>0x624d</value>
         <object_component_ref idref="oc-110"/>
      </symbol>
      <symbol id="sm-4de">
         <name>__aeabi_cdcmple</name>
         <value>0x624d</value>
         <object_component_ref idref="oc-110"/>
      </symbol>
      <symbol id="sm-4df">
         <name>__aeabi_cdrcmple</name>
         <value>0x62d3</value>
         <object_component_ref idref="oc-115"/>
      </symbol>
      <symbol id="sm-4f3">
         <name>__aeabi_ddiv</name>
         <value>0x5575</value>
         <object_component_ref idref="oc-18d"/>
      </symbol>
      <symbol id="sm-4fe">
         <name>__aeabi_dmul</name>
         <value>0x5af9</value>
         <object_component_ref idref="oc-11a"/>
      </symbol>
      <symbol id="sm-508">
         <name>__aeabi_d2iz</name>
         <value>0x6735</value>
         <object_component_ref idref="oc-105"/>
      </symbol>
      <symbol id="sm-514">
         <name>__aeabi_d2f</name>
         <value>0x64b3</value>
         <object_component_ref idref="oc-195"/>
      </symbol>
      <symbol id="sm-51f">
         <name>__aeabi_f2d</name>
         <value>0x68b9</value>
         <object_component_ref idref="oc-19a"/>
      </symbol>
      <symbol id="sm-529">
         <name>__aeabi_i2d</name>
         <value>0x6989</value>
         <object_component_ref idref="oc-fb"/>
      </symbol>
      <symbol id="sm-544">
         <name>memcpy</name>
         <value>0x611b</value>
         <object_component_ref idref="oc-3e"/>
      </symbol>
      <symbol id="sm-545">
         <name>__aeabi_memcpy</name>
         <value>0x611b</value>
         <object_component_ref idref="oc-3e"/>
      </symbol>
      <symbol id="sm-546">
         <name>__aeabi_memcpy8</name>
         <value>0x611b</value>
         <object_component_ref idref="oc-3e"/>
      </symbol>
      <symbol id="sm-547">
         <name>__aeabi_memcpy4</name>
         <value>0x611b</value>
         <object_component_ref idref="oc-3e"/>
      </symbol>
      <symbol id="sm-560">
         <name>__TI_zero_init_nomemset</name>
         <value>0x6a09</value>
         <object_component_ref idref="oc-4a"/>
      </symbol>
      <symbol id="sm-577">
         <name>__TI_decompress_none</name>
         <value>0x6b5f</value>
         <object_component_ref idref="oc-1b"/>
      </symbol>
      <symbol id="sm-59a">
         <name>__TI_decompress_lzss</name>
         <value>0x6521</value>
         <object_component_ref idref="oc-15"/>
      </symbol>
      <symbol id="sm-644">
         <name>_sys_memory</name>
         <value>0x20001270</value>
         <object_component_ref idref="oc-24"/>
      </symbol>
      <symbol id="sm-645">
         <name>free</name>
         <value>0x5dd1</value>
         <object_component_ref idref="oc-16b"/>
      </symbol>
      <symbol id="sm-646">
         <name>realloc</name>
         <value>0x5eb5</value>
         <object_component_ref idref="oc-1e3"/>
      </symbol>
      <symbol id="sm-647">
         <name>memalign</name>
         <value>0x59f9</value>
         <object_component_ref idref="oc-35c"/>
      </symbol>
      <symbol id="sm-648">
         <name>calloc</name>
         <value>0x6881</value>
         <object_component_ref idref="oc-165"/>
      </symbol>
      <symbol id="sm-649">
         <name>malloc</name>
         <value>0x6b99</value>
         <object_component_ref idref="oc-247"/>
      </symbol>
      <symbol id="sm-64a">
         <name>aligned_alloc</name>
         <value>0x59f9</value>
         <object_component_ref idref="oc-35c"/>
      </symbol>
      <symbol id="sm-659">
         <name>strcmp</name>
         <value>0x6ad7</value>
         <object_component_ref idref="oc-178"/>
      </symbol>
      <symbol id="sm-667">
         <name>strcpy</name>
         <value>0x6b05</value>
         <object_component_ref idref="oc-1be"/>
      </symbol>
      <symbol id="sm-6cd">
         <name>__kernel_rem_pio2</name>
         <value>0x2cd9</value>
         <object_component_ref idref="oc-2e7"/>
      </symbol>
      <symbol id="sm-6e0">
         <name>__stack</name>
         <value>0x20000270</value>
         <object_component_ref idref="oc-27"/>
      </symbol>
      <symbol id="sm-6e1">
         <name>_c_int00_noargs</name>
         <value>0x6925</value>
         <object_component_ref idref="oc-5c"/>
      </symbol>
      <symbol id="sm-6f7">
         <name>__aeabi_errno_addr</name>
         <value>0x6b91</value>
         <object_component_ref idref="oc-2a6"/>
      </symbol>
      <symbol id="sm-6f8">
         <name>errno</name>
         <value>0x20002340</value>
         <object_component_ref idref="oc-38e"/>
      </symbol>
      <symbol id="sm-717">
         <name>__kernel_tan</name>
         <value>0x41cd</value>
         <object_component_ref idref="oc-2ed"/>
      </symbol>
      <symbol id="sm-734">
         <name>floorl</name>
         <value>0x5bf5</value>
         <object_component_ref idref="oc-3b1"/>
      </symbol>
      <symbol id="sm-735">
         <name>floor</name>
         <value>0x5bf5</value>
         <object_component_ref idref="oc-3b1"/>
      </symbol>
      <symbol id="sm-752">
         <name>scalbn</name>
         <value>0x58e9</value>
         <object_component_ref idref="oc-3ab"/>
      </symbol>
      <symbol id="sm-753">
         <name>scalbnl</name>
         <value>0x58e9</value>
         <object_component_ref idref="oc-3ab"/>
      </symbol>
      <symbol id="sm-754">
         <name>ldexpl</name>
         <value>0x58e9</value>
         <object_component_ref idref="oc-3ab"/>
      </symbol>
      <symbol id="sm-755">
         <name>ldexp</name>
         <value>0x58e9</value>
         <object_component_ref idref="oc-3ab"/>
      </symbol>
      <symbol id="sm-8ba">
         <name>__TI_printfi</name>
         <value>0x1a0d</value>
         <object_component_ref idref="oc-202"/>
      </symbol>
      <symbol id="sm-8c9">
         <name>__aeabi_memset</name>
         <value>0x635b</value>
         <object_component_ref idref="oc-96"/>
      </symbol>
      <symbol id="sm-8ca">
         <name>memset</name>
         <value>0x6361</value>
         <object_component_ref idref="oc-96"/>
      </symbol>
      <symbol id="sm-8cb">
         <name>__aeabi_memset8</name>
         <value>0x635b</value>
         <object_component_ref idref="oc-96"/>
      </symbol>
      <symbol id="sm-8cc">
         <name>__aeabi_memset4</name>
         <value>0x635b</value>
         <object_component_ref idref="oc-96"/>
      </symbol>
      <symbol id="sm-8cd">
         <name>__aeabi_memclr8</name>
         <value>0x6359</value>
         <object_component_ref idref="oc-96"/>
      </symbol>
      <symbol id="sm-8ce">
         <name>__aeabi_memclr4</name>
         <value>0x6359</value>
         <object_component_ref idref="oc-96"/>
      </symbol>
      <symbol id="sm-8cf">
         <name>__aeabi_memclr</name>
         <value>0x6359</value>
         <object_component_ref idref="oc-96"/>
      </symbol>
      <symbol id="sm-8dc">
         <name>__aeabi_uldivmod</name>
         <value>0x61b7</value>
         <object_component_ref idref="oc-3cb"/>
      </symbol>
      <symbol id="sm-904">
         <name>__TI_auto_init_nobinit_nopinit</name>
         <value>0x677d</value>
         <object_component_ref idref="oc-131"/>
      </symbol>
      <symbol id="sm-90e">
         <name>_system_pre_init</name>
         <value>0x6ba1</value>
         <object_component_ref idref="oc-9c"/>
      </symbol>
      <symbol id="sm-91a">
         <name>C$$EXIT</name>
         <value>0x6ba5</value>
         <object_component_ref idref="oc-125"/>
      </symbol>
      <symbol id="sm-91b">
         <name>abort</name>
         <value>0x6ba5</value>
         <object_component_ref idref="oc-125"/>
      </symbol>
      <symbol id="sm-930">
         <name>_nop</name>
         <value>0x245b</value>
         <object_component_ref idref="oc-33d"/>
      </symbol>
      <symbol id="sm-931">
         <name>_lock</name>
         <value>0x20002324</value>
         <object_component_ref idref="oc-22b"/>
      </symbol>
      <symbol id="sm-932">
         <name>_unlock</name>
         <value>0x20002328</value>
         <object_component_ref idref="oc-22b"/>
      </symbol>
      <symbol id="sm-941">
         <name>__TI_ltoa</name>
         <value>0x6643</value>
         <object_component_ref idref="oc-3d1"/>
      </symbol>
      <symbol id="sm-958">
         <name>atoi</name>
         <value>0x66e9</value>
         <object_component_ref idref="oc-2fb"/>
      </symbol>
      <symbol id="sm-963">
         <name>_ctypes_</name>
         <value>0x6d00</value>
         <object_component_ref idref="oc-3c6"/>
      </symbol>
      <symbol id="sm-973">
         <name>memccpy</name>
         <value>0x6a41</value>
         <object_component_ref idref="oc-31f"/>
      </symbol>
      <symbol id="sm-983">
         <name>strchr</name>
         <value>0x6aef</value>
         <object_component_ref idref="oc-3f8"/>
      </symbol>
      <symbol id="sm-991">
         <name>strlen</name>
         <value>0x6b19</value>
         <object_component_ref idref="oc-2f5"/>
      </symbol>
      <symbol id="sm-9aa">
         <name>wcslen</name>
         <value>0x6b2d</value>
         <object_component_ref idref="oc-325"/>
      </symbol>
      <symbol id="sm-9b4">
         <name>copysign</name>
         <value>0x6a5d</value>
         <object_component_ref idref="oc-439"/>
      </symbol>
      <symbol id="sm-9b5">
         <name>copysignl</name>
         <value>0x6a5d</value>
         <object_component_ref idref="oc-439"/>
      </symbol>
      <symbol id="sm-9cb">
         <name>frexpl</name>
         <value>0x6589</value>
         <object_component_ref idref="oc-3f2"/>
      </symbol>
      <symbol id="sm-9cc">
         <name>frexp</name>
         <value>0x6589</value>
         <object_component_ref idref="oc-3f2"/>
      </symbol>
      <symbol id="sm-9d6">
         <name>__aeabi_idiv0</name>
         <value>0x5173</value>
         <object_component_ref idref="oc-452"/>
      </symbol>
      <symbol id="sm-9d7">
         <name>__aeabi_ldiv0</name>
         <value>0x5173</value>
         <object_component_ref idref="oc-452"/>
      </symbol>
      <symbol id="sm-a13">
         <name>cyBOT_SERVO_cal</name>
         <value>0x4831</value>
         <object_component_ref idref="oc-1d7"/>
      </symbol>
      <symbol id="sm-a14">
         <name>cyBOT_Scan</name>
         <value>0x47bf</value>
         <object_component_ref idref="oc-1d7"/>
      </symbol>
      <symbol id="sm-a15">
         <name>cyBOT_scan_features</name>
         <value>0x2000233c</value>
         <object_component_ref idref="oc-2cb"/>
      </symbol>
      <symbol id="sm-a16">
         <name>cyBOT_scan_version</name>
         <value>0x4759</value>
         <object_component_ref idref="oc-1d7"/>
      </symbol>
      <symbol id="sm-a17">
         <name>cyBOT_init_Scan</name>
         <value>0x4767</value>
         <object_component_ref idref="oc-1d7"/>
      </symbol>
      <symbol id="sm-a3e">
         <name>isr_int_value</name>
         <value>0x200022e8</value>
      </symbol>
      <symbol id="sm-a3f">
         <name>ir_enableInterrupt</name>
         <value>0x587f</value>
         <object_component_ref idref="oc-2c5"/>
      </symbol>
      <symbol id="sm-a40">
         <name>ir_getDistance</name>
         <value>0x5861</value>
         <object_component_ref idref="oc-2c5"/>
      </symbol>
      <symbol id="sm-a41">
         <name>ir_init</name>
         <value>0x57d1</value>
         <object_component_ref idref="oc-2c5"/>
      </symbol>
      <symbol id="sm-a42">
         <name>ADC0SS0_Handler</name>
         <value>0x5869</value>
         <object_component_ref idref="oc-2c5"/>
      </symbol>
      <symbol id="sm-a43">
         <name>ir_getValue</name>
         <value>0x5839</value>
         <object_component_ref idref="oc-2c5"/>
      </symbol>
      <symbol id="sm-a72">
         <name>risingEdge</name>
         <value>0x200022fc</value>
      </symbol>
      <symbol id="sm-a73">
         <name>fallingEdge</name>
         <value>0x200022e4</value>
      </symbol>
      <symbol id="sm-a74">
         <name>pulseLength</name>
         <value>0x200022f0</value>
      </symbol>
      <symbol id="sm-a75">
         <name>isRisingEdge</name>
         <value>0x20002300</value>
      </symbol>
      <symbol id="sm-a76">
         <name>TIMER3B_Handler</name>
         <value>0x4cf1</value>
         <object_component_ref idref="oc-2bf"/>
      </symbol>
      <symbol id="sm-a77">
         <name>ping_init</name>
         <value>0x4c01</value>
         <object_component_ref idref="oc-2bf"/>
      </symbol>
      <symbol id="sm-a78">
         <name>ping_getDistance</name>
         <value>0x4d43</value>
         <object_component_ref idref="oc-2bf"/>
      </symbol>
      <symbol id="sm-a79">
         <name>ping_trigger</name>
         <value>0x4c87</value>
         <object_component_ref idref="oc-2bf"/>
      </symbol>
      <symbol id="sm-a9b">
         <name>servo_move</name>
         <value>0x5371</value>
         <object_component_ref idref="oc-2b9"/>
      </symbol>
      <symbol id="sm-a9c">
         <name>servo_init</name>
         <value>0x52e1</value>
         <object_component_ref idref="oc-2b9"/>
      </symbol>
      <symbol id="sm-a9d">
         <name>servo_stop</name>
         <value>0x5365</value>
         <object_component_ref idref="oc-2b9"/>
      </symbol>
      <symbol id="sm-a9e">
         <name>servo_setPWM</name>
         <value>0x53d1</value>
         <object_component_ref idref="oc-2b9"/>
      </symbol>
      <symbol id="sm-acd">
         <name>IntRegister</name>
         <value>0x68f1</value>
         <object_component_ref idref="oc-17e"/>
      </symbol>
      <symbol id="sm-ace">
         <name>g_pfnRAMVectors</name>
         <value>0x20000000</value>
         <object_component_ref idref="oc-25d"/>
      </symbol>
      <symbol id="sm-acf">
         <name>IntMasterEnable</name>
         <value>0x6b3f</value>
         <object_component_ref idref="oc-184"/>
      </symbol>
      <symbol id="sm-ad9">
         <name>CPUcpsie</name>
         <value>0x6b6d</value>
         <object_component_ref idref="oc-267"/>
      </symbol>
      <symbol id="sm-ada">
         <name>__TI_static_base__</name>
         <value>0x0</value>
      </symbol>
      <symbol id="sm-add">
         <name>__mpu_init</name>
         <value>0x0</value>
      </symbol>
      <symbol id="sm-ade">
         <name>_system_post_cinit</name>
         <value>0x0</value>
      </symbol>
   </symbol_table>
   <title>Link successful</title>
</link_info>
